Microchip MPLAB XC8 Compiler V2.32

Linker command line:

-W-3 --edf=C:\Program Files\Microchip\xc8\v2.32\pic\dat\en_msgs.txt -cn \
  -h+dist/default/production\EXTINT.X.production.sym \
  --cmf=dist/default/production\EXTINT.X.production.cmf -z -Q16F877A \
  -oC:\Users\vishn\AppData\Local\Temp\xcAsh1s.4 --defsym=__MPLAB_BUILD=1 \
  -Mdist/default/production/EXTINT.X.production.map -E1 -ver=XC8 Compiler \
  --acfsm=1493 -ASTACK=0110h-016Fh -pstack=STACK -ACODE=00h-07FFhx4 \
  -ASTRCODE=00h-01FFFh -ASTRING=00h-0FFhx32 -ACONST=00h-0FFhx32 \
  -AENTRY=00h-0FFhx32 -ACOMMON=070h-07Fh -ABANK0=020h-06Fh \
  -ABANK1=0A0h-0EFh -ABANK2=0110h-016Fh -ABANK3=0190h-01EFh \
  -ARAM=020h-06Fh,0A0h-0EFh,0110h-016Fh,0190h-01EFh \
  -AABS1=020h-07Fh,0A0h-0EFh,0110h-016Fh,0190h-01EFh -ASFR0=00h-01Fh \
  -ASFR1=080h-09Fh -ASFR2=0100h-010Fh -ASFR3=0180h-018Fh \
  -ACONFIG=02007h-02007h -DCONFIG=2 -AIDLOC=02000h-02003h -DIDLOC=2 \
  -AEEDATA=00h-0FFh/02100h -peeprom_data=EEDATA -DEEDATA=2 -DCODE=2 \
  -DSTRCODE=2 -DSTRING=2 -DCONST=2 -DENTRY=2 \
  -preset_vec=00h,intentry=04h,init,end_init -ppowerup=CODE -pcinit=CODE \
  -pfunctab=ENTRY -k C:\Users\vishn\AppData\Local\Temp\xcAsh1s.o \
  dist/default/production\EXTINT.X.production.o 

Object code version is 3.11

Machine type is 16F877A



                Name                               Link     Load   Length Selector   Space Scale
C:\Users\vishn\AppData\Local\Temp\xcAsh1s.o
                end_init                              C        C        3        8       0
                reset_vec                             0        0        3        0       0
dist/default/production\EXTINT.X.production.o
                cinit                                 F        F        A        8       0
                intentry                              4        4        8        8       0
                text11                              2E3      2E3       14      572       0
                text10                              21C      21C       30        8       0
                text9                               2F7      2F7        9      572       0
                text8                               2CE      2CE       15      572       0
                text7                               24C      24C       25        8       0
                text6                               2B9      2B9       15      572       0
                text5                               28A      28A       19        8       0
                text4                               19C      19C       44        8       0
                text3                               1E0      1E0       3C        8       0
                text2                                19       19       EA        8       0
                text1                               271      271       19        8       0
                maintext                            103      103       99        8       0
                cstackBANK0                          20       20       19       20       1
                cstackCOMMON                         70       70        C       70       1
                bssBANK0                             39       39        4       20       1
                strings                             2A3      2A3       16      546       0

TOTAL           Name                               Link     Load   Length     Space
        CLASS   STACK          

        CLASS   CODE           
                end_init                              C        C        3         0
                cinit                                 F        F        A         0
                intentry                              4        4        8         0
                reset_vec                             0        0        3         0
                text11                              2E3      2E3       14         0
                text10                              21C      21C       30         0
                text9                               2F7      2F7        9         0
                text8                               2CE      2CE       15         0
                text7                               24C      24C       25         0
                text6                               2B9      2B9       15         0
                text5                               28A      28A       19         0
                text4                               19C      19C       44         0
                text3                               1E0      1E0       3C         0
                text2                                19       19       EA         0
                text1                               271      271       19         0
                maintext                            103      103       99         0

        CLASS   STRCODE        

        CLASS   STRING         
                strings                             2A3      2A3       16         0

        CLASS   CONST          

        CLASS   ENTRY          

        CLASS   COMMON         
                cstackCOMMON                         70       70        C         1

        CLASS   BANK0          
                cstackBANK0                          20       20       19         1
                bssBANK0                             39       39        4         1

        CLASS   BANK1          

        CLASS   BANK2          

        CLASS   BANK3          

        CLASS   RAM            

        CLASS   ABS1           
                abs_s1                               7E       7E        2         1

        CLASS   SFR0           

        CLASS   SFR1           

        CLASS   SFR2           

        CLASS   SFR3           

        CLASS   CONFIG         

        CLASS   IDLOC          

        CLASS   EEDATA         



SEGMENTS        Name                           Load    Length   Top    Selector   Space  Class     Delta

                reset_vec                      000000  000003  000003         0       0  CODE        2
                intentry                       000004  00029F  0002A3         8       0  CODE        2
                cstackBANK0                    000020  00001D  00003D        20       1  BANK0       1
                cstackCOMMON                   000070  00000C  00007C        70       1  COMMON      1
                strings                        0002A3  000016  0002B9       546       0  STRING      2
                text6                          0002B9  000047  000300       572       0  CODE        2


UNUSED ADDRESS RANGES

        Name                Unused          Largest block    Delta
        BANK0            03D-06F            33           1
        BANK1            0A0-0EF            50           1
        BANK2            110-16F            60           1
        BANK3            190-1EF            60           1
        CODE             003-003             1           2
                         300-1FFF           800
        COMMON           07C-07D             2           1
        CONFIG           2007-2007             1           2
        CONST            003-003             1           2
                         300-1FFF           100
        EEDATA           2100-21FF           100           2
        ENTRY            003-003             1           2
                         300-1FFF           100
        IDLOC            2000-2003             4           2
        RAM              03D-06F            33           1
                         0A0-0EF            50
                         110-16F            60
                         190-1EF            60
        SFR0             000-01F            20           1
        SFR1             080-09F            20           1
        SFR2             100-10F            10           1
        SFR3             180-18F            10           1
        STACK            110-16F            60           1
        STRCODE          003-003             1           2
                         300-1FFF          1D00
        STRING           003-003             1           2
                         300-1FFF           100

                                  Symbol Table

?_ADC_Read               cstackCOMMON 072
?___lwdiv                cstackCOMMON 072
?___lwmod                cstackBANK0  020
?_sprintf                cstackBANK0  024
?_strlen                 cstackCOMMON 072
ADC_Read@ANC             cstackCOMMON 076
_ADCON0                  (abs)        01F
_ADCON0bits              (abs)        01F
_ADCON1                  (abs)        09F
_ADC_Read                text10       21C
_ADRESH                  (abs)        01E
_ADRESL                  (abs)        09E
_GIE                     (abs)        05F
_GO_DONE                 (abs)        0FA
_INTF                    (abs)        059
_OPTION_REG              (abs)        081
_PEIE                    (abs)        05E
_PORTBbits               (abs)        006
_PORTCbits               (abs)        007
_PORTD                   (abs)        008
_PORTEbits               (abs)        009
_RB1                     (abs)        031
_T1CONbits               (abs)        010
_TMR1                    (abs)        00E
_TMR1IE                  (abs)        460
_TMR1IF                  (abs)        060
_TMR1ON                  (abs)        080
_TRISB0                  (abs)        430
_TRISB1                  (abs)        431
_TRISC                   (abs)        087
_TRISD                   (abs)        088
_TRISE                   (abs)        089
__Habs1                  abs1         000
__Hbank0                 bank0        000
__Hbank1                 bank1        000
__Hbank2                 bank2        000
__Hbank3                 bank3        000
__HbssBANK0              bssBANK0     000
__Hcinit                 cinit        019
__Hclrtext               clrtext      000
__Hcode                  code         000
__Hcommon                common       000
__HcstackBANK0           cstackBANK0  000
__HcstackCOMMON          cstackCOMMON 000
__Heeprom_data           eeprom_data  000
__Hend_init              end_init     00F
__Hfunctab               functab      000
__Hinit                  init         00C
__Hintentry              intentry     00C
__Hmaintext              maintext     000
__Hpowerup               powerup      000
__Hram                   ram          000
__Hreset_vec             reset_vec    003
__Hsfr0                  sfr0         000
__Hsfr1                  sfr1         000
__Hsfr2                  sfr2         000
__Hsfr3                  sfr3         000
__Hspace_0               (abs)        300
__Hspace_1               (abs)        07C
__Hspace_2               (abs)        000
__Hspace_3               (abs)        000
__Hstack                 stack        000
__Hstrings               strings      000
__Htext                  text         000
__Labs1                  abs1         000
__Lbank0                 bank0        000
__Lbank1                 bank1        000
__Lbank2                 bank2        000
__Lbank3                 bank3        000
__LbssBANK0              bssBANK0     000
__Lcinit                 cinit        00F
__Lclrtext               clrtext      000
__Lcode                  code         000
__Lcommon                common       000
__LcstackBANK0           cstackBANK0  000
__LcstackCOMMON          cstackCOMMON 000
__Leeprom_data           eeprom_data  000
__Lend_init              end_init     00C
__Lfunctab               functab      000
__Linit                  init         00C
__Lintentry              intentry     004
__Lmaintext              maintext     000
__Lpowerup               powerup      000
__Lram                   ram          000
__Lreset_vec             reset_vec    000
__Lsfr0                  sfr0         000
__Lsfr1                  sfr1         000
__Lsfr2                  sfr2         000
__Lsfr3                  sfr3         000
__Lspace_0               (abs)        000
__Lspace_1               (abs)        000
__Lspace_2               (abs)        000
__Lspace_3               (abs)        000
__Lstack                 stack        000
__Lstrings               strings      000
__Ltext                  text         000
__S0                     (abs)        300
__S1                     (abs)        07C
__S2                     (abs)        000
__S3                     (abs)        000
___int_sp                stack        000
___latbits               (abs)        002
___lwdiv                 text4        19C
___lwdiv@counter         cstackCOMMON 079
___lwdiv@dividend        cstackCOMMON 074
___lwdiv@divisor         cstackCOMMON 072
___lwdiv@quotient        cstackCOMMON 077
___lwmod                 text3        1E0
___lwmod@counter         cstackCOMMON 07B
___lwmod@dividend        cstackBANK0  022
___lwmod@divisor         cstackBANK0  020
___sp                    stack        000
___stackhi               (abs)        000
___stacklo               (abs)        000
__end_of_ADC_Read        text10       24C
__end_of___lwdiv         text4        1E0
__end_of___lwmod         text3        21C
__end_of__initialization cinit        015
__end_of__stringtab      strings      2A9
__end_of_adc_init        text9        300
__end_of_dpowers         strings      2B3
__end_of_isr             text11       2F7
__end_of_lcd_cmd         text6        2CE
__end_of_lcd_data        text8        2E3
__end_of_lcd_display     text7        271
__end_of_lcd_init        text5        2A3
__end_of_main            maintext     19C
__end_of_sprintf         text2        103
__end_of_strlen          text1        28A
__initialization         cinit        00F
__pbssBANK0              bssBANK0     039
__pcstackBANK0           cstackBANK0  020
__pcstackCOMMON          cstackCOMMON 070
__pintentry              intentry     004
__pmaintext              maintext     103
__pstrings               strings      2A3
__ptext1                 text1        271
__ptext10                text10       21C
__ptext11                text11       2E3
__ptext2                 text2        019
__ptext3                 text3        1E0
__ptext4                 text4        19C
__ptext5                 text5        28A
__ptext6                 text6        2B9
__ptext7                 text7        24C
__ptext8                 text8        2CE
__ptext9                 text9        2F7
__size_of_ADC_Read       (abs)        000
__size_of___lwdiv        (abs)        000
__size_of___lwmod        (abs)        000
__size_of_adc_init       (abs)        000
__size_of_isr            (abs)        000
__size_of_lcd_cmd        (abs)        000
__size_of_lcd_data       (abs)        000
__size_of_lcd_display    (abs)        000
__size_of_lcd_init       (abs)        000
__size_of_main           (abs)        000
__size_of_sprintf        (abs)        000
__size_of_strlen         (abs)        000
__stringbase             strings      2A8
__stringtab              strings      2A3
_adc_init                text9        2F7
_dpowers                 strings      2A9
_isr                     text11       2E3
_lcd_cmd                 text6        2B9
_lcd_data                text8        2CE
_lcd_display             text7        24C
_lcd_init                text5        28A
_main                    maintext     103
_sprintf                 text2        019
_strlen                  text1        271
_timer                   bssBANK0     03B
_timerOn                 bssBANK0     039
btemp                    (abs)        07E
end_of_initialization    cinit        015
interrupt_function       intentry     004
intlevel0                functab      000
intlevel1                functab      000
intlevel2                functab      000
intlevel3                functab      000
intlevel4                functab      000
intlevel5                functab      000
lcd_cmd@cmd              cstackCOMMON 074
lcd_data@data            cstackCOMMON 074
lcd_display@i            cstackBANK0  021
lcd_display@num          cstackCOMMON 077
lcd_display@values       cstackBANK0  020
main@adc_value           cstackBANK0  037
main@valueStr            cstackBANK0  032
reset_vec                reset_vec    000
saved_w                  (abs)        07E
sprintf@ap               cstackBANK0  02A
sprintf@c                cstackBANK0  030
sprintf@f                cstackBANK0  024
sprintf@flag             cstackBANK0  02B
sprintf@prec             cstackBANK0  02C
sprintf@sp               cstackBANK0  02F
sprintf@val              cstackBANK0  02D
start                    init         00C
start_initialization     cinit        00F
strlen@cp                cstackCOMMON 076
strlen@s                 cstackCOMMON 075
wtemp0                   (abs)        07E


MODULE INFORMATION

Module		Function		Class		Link	Load	Size
./lcd.h
		_lcd_cmd       		CODE           	02B9	0000	21
		_lcd_data      		CODE           	02CE	0000	21
		_lcd_display   		CODE           	024C	0000	37
		_lcd_init      		CODE           	028A	0000	25

./lcd.h estimated size: 104

C:\Program Files\Microchip\xc8\v2.32\pic\sources\c90\common\strlen.c
		_strlen        		CODE           	0271	0000	25

C:\Program Files\Microchip\xc8\v2.32\pic\sources\c90\common\strlen.c estimated size: 25

C:\Program Files\Microchip\xc8\v2.32\pic\sources\c90\common\lwmod.c
		___lwmod       		CODE           	01E0	0000	60

C:\Program Files\Microchip\xc8\v2.32\pic\sources\c90\common\lwmod.c estimated size: 60

shared
		__stringtab    		STRING         	02A3	0000	6
		_dpowers       		STRING         	02A9	0000	10
		__initialization		CODE           	000F	0000	6

shared estimated size: 22

C:\Program Files\Microchip\xc8\v2.32\pic\sources\c90\common\doprnt.c
		_sprintf       		CODE           	0019	0000	234

C:\Program Files\Microchip\xc8\v2.32\pic\sources\c90\common\doprnt.c estimated size: 234

C:\Program Files\Microchip\xc8\v2.32\pic\sources\c90\common\lwdiv.c
		___lwdiv       		CODE           	019C	0000	68

C:\Program Files\Microchip\xc8\v2.32\pic\sources\c90\common\lwdiv.c estimated size: 68

main.c
		_main          		CODE           	0103	0000	153
		_isr           		CODE           	02E3	0000	20

main.c estimated size: 173

./adc.h
		_adc_init      		CODE           	02F7	0000	9
		_ADC_Read      		CODE           	021C	0000	48

./adc.h estimated size: 57

